// Jest Snapshot v1, https://goo.gl/fbAQLP

exports[`should render header correctly 1`] = `
<header
  className="header"
>
  <div
    className="content-container"
  >
    <div
      className="header-content"
    >
      <Link
        className="header-title"
        replace={false}
        to="/dashboard"
      >
        <h1>
          Expensify
        </h1>
      </Link>
      <div
        className="header-secondary"
      >
        <div
          className="header-greetings"
        />
      </div>
    </div>
  </div>
  <Connect(BurgerMenu) />
</header>
`;
